// Jest Snapshot v1, https://goo.gl/fbAQLP

exports[`TouchableOpacity component snap test Render TouchableOpacity, should match snapshot 1`] = `
<div>
  <div
    class="touchable"
  >
    Click Here
  </div>
</div>
`;
